[1mtt log — historical tool calls[0m  [1;4;4m[[0m[1;4;4m2[0m[1;4;4m4[0m[1;4;4mh[0m[1;4;4m][0m  48h   7d   all   [1;4;4ms[0m[1;4;4m:[0m[1;4;4ms[0m[1;4;4mu[0m[1;4;4mb[0m [90me:errors[0m
[90m────────────────────────────────────────────────────────────────────────────────────────────────────────────────────────[0m
[97m 14:30:00  aabbccdd  [main]  Read                                      [96m    1.0 KB[0m[0m
[90m                              reading /path/to/some/important/file.go[0m
[97m 14:30:10  aabbccdd  [main]  Grep                                      [96m    2.0 KB[0m[0m
[97m 14:30:20  aabbccdd  [main]  Write                                     [96m     512 B[0m[0m
[90m                              writing updated implementation to disk[0m
[90m 14:30:30  bbccddee  [sub]   Bash                                      [96m     768 B[0m[0m
[1;91m 14:30:40  ──── ERROR [hook] permission denied[0m





























[90m────────────────────────────────────────────────────────────────────────────────────────────────────────────────────────[0m
[90m q quit    tab window    s sub    e errors    ↑↓/jk scroll    g/G top/bot    5/5[0m