[1mtt log — historical tool calls[0m  [1;4;4m[[0m[1;4;4m2[0m[1;4;4m4[0m[1;4;4mh[0m[1;4;4m][0m  48h   7d   all   [90ms:sub[0m [1;4;4me[0m[1;4;4m:[0m[1;4;4me[0m[1;4;4mr[0m[1;4;4mr[0m[1;4;4mo[0m[1;4;4mr[0m[1;4;4ms[0m[1;4;4m-[0m[1;4;4mo[0m[1;4;4mn[0m[1;4;4ml[0m[1;4;4my[0m
[90m────────────────────────────────────────────────────────────────────────────────────────────────────────────────────────[0m
[1;91m 14:30:40  ──── ERROR [hook] permission denied[0m



































[90m────────────────────────────────────────────────────────────────────────────────────────────────────────────────────────[0m
[90m q quit    tab window    s sub    e errors    ↑↓/jk scroll    g/G top/bot    1/1[0m