[1mtt log — historical tool calls[0m  [1;4;4m[[0m[1;4;4m2[0m[1;4;4m4[0m[1;4;4mh[0m[1;4;4m][0m  48h   7d   all   [90ms:sub[0m [90me:errors[0m
[90m────────────────────────────────────────────────────────────────────────────────────────────────────────────────────────[0m




































[90m────────────────────────────────────────────────────────────────────────────────────────────────────────────────────────[0m
[90m q quit    tab window    s sub    e errors    ↑↓/jk scroll    g/G top/bot    0/0[0m