[1mtt watch — live tool call feed[0m  [90m[s: show sub][0m
[90m────────────────────────────────────────────────────────────────────────────────────────────────────────────────────────[0m




































[90m────────────────────────────────────────────────────────────────────────────────────────────────────────────────────────[0m
[90m q quit    s toggle subagent calls[0m